[     870ms] [ERROR] Permissions policy violation: accelerometer is not allowed in this document. @ https://www.makemytrip.com/0gQIf/4c/UV/mhrf/zf_K5O7/S9D1ch1GNaGENfDO/JRJeM1UD/QCRgEzIW/bHwB:0
[     870ms] [WARNING] The deviceorientation events are blocked by permissions policy. See https://github.com/w3c/webappsec-permissions-policy/blob/master/features.md#sensor-features @ https://www.makemytrip.com/0gQIf/4c/UV/mhrf/zf_K5O7/S9D1ch1GNaGENfDO/JRJeM1UD/QCRgEzIW/bHwB:0
[     870ms] [ERROR] Permissions policy violation: accelerometer is not allowed in this document. @ https://www.makemytrip.com/0gQIf/4c/UV/mhrf/zf_K5O7/S9D1ch1GNaGENfDO/JRJeM1UD/QCRgEzIW/bHwB:0
[     870ms] [WARNING] The devicemotion events are blocked by permissions policy. See https://github.com/w3c/webappsec-permissions-policy/blob/master/features.md#sensor-features @ https://www.makemytrip.com/0gQIf/4c/UV/mhrf/zf_K5O7/S9D1ch1GNaGENfDO/JRJeM1UD/QCRgEzIW/bHwB:0
[    2062ms] [WARNING] No output language was specified in a Summarizer API request. An output language should be specified to ensure optimal output quality and properly attest to output safety. Please specify a supported output language code: [en, es, ja] @ https://www.makemytrip.com/:0
[    2062ms] [WARNING] Unable to create a text session because the service is not running. @ https://www.makemytrip.com/:0
[    2108ms] [LOG] userInfo is not found in sessionStorage @ https://jsak.mmtcdn.com/pwa_v3/pwa_commons/build/client/js/6343.ea58418fe67e0d9ea71b.js:0
[    2185ms] [LOG] userInfo is not found in sessionStorage @ https://jsak.mmtcdn.com/pwa_v3/pwa_commons/build/client/js/6343.ea58418fe67e0d9ea71b.js:0
[    2572ms] [LOG] userInfo is not found in sessionStorage @ https://jsak.mmtcdn.com/pwa_v3/pwa_commons/build/client/js/6343.ea58418fe67e0d9ea71b.js:0
[    2672ms] [WARNING] Unsatisfied version 19.2.3 from pwa-mmt-hlp of shared singleton module react (required =18.2.0) @ https://jsak.mmtcdn.com/pwa_v3/flights_search_ui_assets/mmtFlightsSearchRemoteEntry.js?v=MTk3NzQ1Mw==:0
[    2675ms] [WARNING] Unsatisfied version 19.2.3 from pwa-mmt-hlp of shared singleton module react-dom (required =18.2.0) @ https://jsak.mmtcdn.com/pwa_v3/flights_search_ui_assets/mmtFlightsSearchRemoteEntry.js?v=MTk3NzQ1Mw==:0
[    2884ms] [LOG] userInfo is not found in sessionStorage @ https://jsak.mmtcdn.com/pwa_v3/pwa_commons/build/client/js/6343.ea58418fe67e0d9ea71b.js:0
[    2886ms] [LOG] userInfo is not found in sessionStorage @ https://jsak.mmtcdn.com/pwa_v3/pwa_commons/build/client/js/6343.ea58418fe67e0d9ea71b.js:0
[    2887ms] [LOG] userInfo is not found in sessionStorage @ https://jsak.mmtcdn.com/pwa_v3/pwa_commons/build/client/js/6343.ea58418fe67e0d9ea71b.js:0
[    2887ms] [LOG] userInfo is not found in sessionStorage @ https://jsak.mmtcdn.com/pwa_v3/pwa_commons/build/client/js/6343.ea58418fe67e0d9ea71b.js:0
[    3570ms] [WARNING] Unsatisfied version 7.4.10 from pwa-mmt-hlp of shared singleton module react-day-picker (required =7.4.0) @ https://jsak.mmtcdn.com/pwa_v3/flights_search_ui_assets/mmtFlightsSearchRemoteEntry.js?v=MTk3NzQ1Mw==:0
[    4585ms] [LOG] userInfo is not found in sessionStorage @ https://jsak.mmtcdn.com/pwa_v3/flights_search_ui_assets/2121.4ec0dbe5a7972ea14620.bundle.js:0
[    4587ms] [LOG] userInfo is not found in sessionStorage @ https://jsak.mmtcdn.com/pwa_v3/flights_search_ui_assets/2121.4ec0dbe5a7972ea14620.bundle.js:0
[    4588ms] [LOG] userInfo is not found in sessionStorage @ https://jsak.mmtcdn.com/pwa_v3/flights_search_ui_assets/2121.4ec0dbe5a7972ea14620.bundle.js:0
[    4589ms] [LOG] userInfo is not found in sessionStorage @ https://jsak.mmtcdn.com/pwa_v3/flights_search_ui_assets/2121.4ec0dbe5a7972ea14620.bundle.js:0
[    7338ms] [LOG] userInfo is not found in sessionStorage @ https://jsak.mmtcdn.com/pwa_v3/pwa_commons/build/client/js/6343.ea58418fe67e0d9ea71b.js:0
[    7340ms] [LOG] userInfo is not found in sessionStorage @ https://jsak.mmtcdn.com/pwa_v3/pwa_commons/build/client/js/6343.ea58418fe67e0d9ea71b.js:0
[    7341ms] [LOG] userInfo is not found in sessionStorage @ https://jsak.mmtcdn.com/pwa_v3/pwa_commons/build/client/js/6343.ea58418fe67e0d9ea71b.js:0
[    7343ms] [LOG] userInfo is not found in sessionStorage @ https://jsak.mmtcdn.com/pwa_v3/pwa_commons/build/client/js/6343.ea58418fe67e0d9ea71b.js:0
[    7343ms] [LOG] userInfo is not found in sessionStorage @ https://jsak.mmtcdn.com/pwa_v3/pwa_commons/build/client/js/6343.ea58418fe67e0d9ea71b.js:0
[    7472ms] [ERROR] Failed to load resource: the server responded with a status of 404 () @ https://mapi.makemytrip.com/ext/web/pwa/prefill/login/details?region=in&currency=inr&user-currency=INR&language=eng:0
[    7523ms] [VERBOSE] [DOM] Input elements should have autocomplete attributes (suggested: "current-password"): (More info: https://goo.gl/9p2vKq) %o @ https://www.makemytrip.com/:0
[   11613ms] [WARNING] The resource https://imgak.mmtcdn.com/pwa_v3/pwa_commons_assets/desktop/B2CHeaderSprite@1.png was preloaded using link preload but not used within a few seconds from the window's load event. Please make sure it has an appropriate `as` value and it is preloaded intentionally. @ https://www.makemytrip.com/:0
[   11614ms] [WARNING] The resource https://imgak.mmtcdn.com/pwa_v3/pwa_header_assets/loginPersuassionRoad.jpg was preloaded using link preload but not used within a few seconds from the window's load event. Please make sure it has an appropriate `as` value and it is preloaded intentionally. @ https://www.makemytrip.com/:0
[   16248ms] [WARNING] The resource https://imgak.mmtcdn.com/pwa_v3/pwa_commons_assets/desktop/B2CHeaderSprite@1.png was preloaded using link preload but not used within a few seconds from the window's load event. Please make sure it has an appropriate `as` value and it is preloaded intentionally. @ https://www.makemytrip.com/:0
[   16248ms] [WARNING] The resource https://imgak.mmtcdn.com/pwa_v3/pwa_header_assets/loginPersuassionRoad.jpg was preloaded using link preload but not used within a few seconds from the window's load event. Please make sure it has an appropriate `as` value and it is preloaded intentionally. @ https://www.makemytrip.com/:0
[   21541ms] [WARNING] The resource https://imgak.mmtcdn.com/pwa_v3/pwa_commons_assets/desktop/B2CHeaderSprite@1.png was preloaded using link preload but not used within a few seconds from the window's load event. Please make sure it has an appropriate `as` value and it is preloaded intentionally. @ https://www.makemytrip.com/:0
[   21541ms] [WARNING] The resource https://imgak.mmtcdn.com/pwa_v3/pwa_header_assets/loginPersuassionRoad.jpg was preloaded using link preload but not used within a few seconds from the window's load event. Please make sure it has an appropriate `as` value and it is preloaded intentionally. @ https://www.makemytrip.com/:0
