[    2719ms] [ERROR] 400814 {message: You Just Missed It, correlationKey: bf5b2246-6d3f-4e2f-80be-0dd2ea26c1c5} @ https://jsak.mmtcdn.com/pwa_v3/pwa_hotel/modern/js/desktop.7010c48f.js:28
[    2799ms] [LOG] userInfo is not found in sessionStorage @ https://jsak.mmtcdn.com/pwa_v3/pwa_hotel/modern/js/desktop.7010c48f.js:28
[    2800ms] [LOG] userInfo is not found in sessionStorage @ https://jsak.mmtcdn.com/pwa_v3/pwa_hotel/modern/js/desktop.7010c48f.js:28
[    2809ms] [LOG] userInfo is not found in sessionStorage @ https://jsak.mmtcdn.com/pwa_v3/pwa_hotel/modern/js/desktop.7010c48f.js:28
[    2809ms] [LOG] userInfo is not found in sessionStorage @ https://jsak.mmtcdn.com/pwa_v3/pwa_hotel/modern/js/desktop.7010c48f.js:28
[    9933ms] [WARNING] The resource https://imgak.mmtcdn.com/pwa_v3/pwa_hotel_assets/web/hotelSprite-v6.png was preloaded using link preload but not used within a few seconds from the window's load event. Please make sure it has an appropriate `as` value and it is preloaded intentionally. @ https://www.makemytrip.com/hotels/hotel-listing/?checkin=05272026&checkout=05282026&city=New%20York&country=US&roomStayQualifier=2e0e&locusId=CTNYC&locusType=city&searchText=New%20York&regionNearByExp=3:0
[    9937ms] [WARNING] The resource https://imgak.mmtcdn.com/pwa_v3/pwa_hotel_assets/bgdefault_bg.jpg was preloaded using link preload but not used within a few seconds from the window's load event. Please make sure it has an appropriate `as` value and it is preloaded intentionally. @ https://www.makemytrip.com/hotels/hotel-listing/?checkin=05272026&checkout=05282026&city=New%20York&country=US&roomStayQualifier=2e0e&locusId=CTNYC&locusType=city&searchText=New%20York&regionNearByExp=3:0
[   14308ms] [WARNING] The resource https://imgak.mmtcdn.com/pwa_v3/pwa_hotel_assets/web/hotelSprite-v6.png was preloaded using link preload but not used within a few seconds from the window's load event. Please make sure it has an appropriate `as` value and it is preloaded intentionally. @ https://www.makemytrip.com/hotels/hotel-listing/?checkin=05272026&checkout=05282026&city=New%20York&country=US&roomStayQualifier=2e0e&locusId=CTNYC&locusType=city&searchText=New%20York&regionNearByExp=3:0
[   14309ms] [WARNING] The resource https://imgak.mmtcdn.com/pwa_v3/pwa_hotel_assets/bgdefault_bg.jpg was preloaded using link preload but not used within a few seconds from the window's load event. Please make sure it has an appropriate `as` value and it is preloaded intentionally. @ https://www.makemytrip.com/hotels/hotel-listing/?checkin=05272026&checkout=05282026&city=New%20York&country=US&roomStayQualifier=2e0e&locusId=CTNYC&locusType=city&searchText=New%20York&regionNearByExp=3:0
[   22114ms] [ERROR] TypeError: Failed to fetch
    at https://www.makemytrip.com/0gQIf/4c/UV/mhrf/zf_K5O7/DbD1ch1GNa/UB1pM1UD/GRRPbSAO/SBVb?v=1ad47d8a-4ee1-e52c-f758-8a1a577d1741:1:315885
    at qE.window.fetch (https://www.makemytrip.com/0gQIf/4c/UV/mhrf/zf_K5O7/DbD1ch1GNa/UB1pM1UD/GRRPbSAO/SBVb?v=1ad47d8a-4ee1-e52c-f758-8a1a577d1741:1:316069)
    at n (https://jsak.mmtcdn.com/pwa_v3/pwa_hotel/modern/js/7105.2cde351b.js:1:12959)
    at o (https://jsak.mmtcdn.com/pwa_v3/pwa_hotel/modern/js/7105.2cde351b.js:1:13244) @ https://jsak.mmtcdn.com/pwa_v3/pwa_hotel/modern/js/7105.2cde351b.js:0
[   23190ms] [ERROR] 400814 {message: You Just Missed It, correlationKey: d4fb2695-bd1c-4255-8bfd-649e0c0926eb} @ https://jsak.mmtcdn.com/pwa_v3/pwa_hotel/modern/js/desktop.7010c48f.js:28
[   23261ms] [LOG] userInfo is not found in sessionStorage @ https://jsak.mmtcdn.com/pwa_v3/pwa_hotel/modern/js/desktop.7010c48f.js:28
[   23269ms] [LOG] userInfo is not found in sessionStorage @ https://jsak.mmtcdn.com/pwa_v3/pwa_hotel/modern/js/desktop.7010c48f.js:28
[   23278ms] [LOG] userInfo is not found in sessionStorage @ https://jsak.mmtcdn.com/pwa_v3/pwa_hotel/modern/js/desktop.7010c48f.js:28
[   23293ms] [LOG] userInfo is not found in sessionStorage @ https://jsak.mmtcdn.com/pwa_v3/pwa_hotel/modern/js/desktop.7010c48f.js:28
[   33392ms] [WARNING] The resource https://imgak.mmtcdn.com/pwa_v3/pwa_hotel_assets/web/hotelSprite-v6.png was preloaded using link preload but not used within a few seconds from the window's load event. Please make sure it has an appropriate `as` value and it is preloaded intentionally. @ https://www.makemytrip.com/hotels/hotel-listing/?checkin=05272026&checkout=05282026&locusId=CTNYC&locusType=city&city=CTNYC&country=US&searchText=New%20York&roomStayQualifier=2e0e&_uCurrency=INR&reference=hotel&type=city&rsc=1e2e0e:0
[   33392ms] [WARNING] The resource https://imgak.mmtcdn.com/pwa_v3/pwa_hotel_assets/bgdefault_bg.jpg was preloaded using link preload but not used within a few seconds from the window's load event. Please make sure it has an appropriate `as` value and it is preloaded intentionally. @ https://www.makemytrip.com/hotels/hotel-listing/?checkin=05272026&checkout=05282026&locusId=CTNYC&locusType=city&city=CTNYC&country=US&searchText=New%20York&roomStayQualifier=2e0e&_uCurrency=INR&reference=hotel&type=city&rsc=1e2e0e:0
